// Jest Snapshot v1, https://goo.gl/fbAQLP

exports[`OracleLibrary #consult gas test 1`] = `5660`;

exports[`OracleLibrary #getQuoteAtTick gas test 1`] = `821`;
